***** External Functions *****
1    AdminAskPath                                       isrt.obl(ISRTScriptDialogs.obs)
2    Advapi32.CloseServiceHandle                        Setup.obs
3    Advapi32.ControlService                            Setup.obs
4    Advapi32.DeleteService                             Setup.obs
5    Advapi32.OpenSCManagerW                            Setup.obs
6    Advapi32.OpenServiceW                              Setup.obs
7    Advapi32.QueryServiceStatus                        Setup.obs
8    AllFeaturesDeselected                              iswi.obl(CompHelperFuncs.obs)
9    CHECK_RETURN                                       iswi.obl(ErrHandler.obs)
10   ChangeDirectory                                    isrt.obl(Files.obs)
11   CloseFile                                          isrt.obl(Files.obs)
12   CmdGetHwndDlg                                      isrt.obl(CustomDialog.obs)
13   ComponentCompareSizeRequired                       isrt.obl(component.obs)
14   ComponentErrorInfo                                 isrt.obl(component.obs)
15   ComponentGetData                                   isrt.obl(component.obs)
16   ComponentGetTotalCost                              isrt.obl(component.obs)
17   ComponentIsItemSelected                            isrt.obl(component.obs)
18   ComponentListItems                                 isrt.obl(component.obs)
19   ComponentReinstall                                 isrt.obl(component.obs)
20   ComponentRemoveAll                                 isrt.obl(component.obs)
21   ComponentSaveTarget                                isrt.obl(component.obs)
22   ComponentSelectItem                                isrt.obl(component.obs)
23   ComponentTransferData                              isrt.obl(component.obs)
24   ComponentTreeInit                                  isrt.obl(Dialogs.obs)
25   CreateDir                                          isrt.obl(Files.obs)
26   CreateFile                                         isrt.obl(Files.obs)
27   CreateInstallationInfo                             isrt.obl(Registry.obs)
28   CtrlGetDlgItem                                     isrt.obl(CustomDialog.obs)
29   CtrlGetNotificationCode                            isrt.obl(CustomDialog.obs)
30   CtrlGetState                                       isrt.obl(CustomDialog.obs)
31   CtrlGetSubCommand                                  isrt.obl(CustomDialog.obs)
32   CtrlGetText                                        isrt.obl(CustomDialog.obs)
33   CtrlSelectText                                     isrt.obl(CustomDialog.obs)
34   CtrlSetList                                        isrt.obl(CustomDialog.obs)
35   CtrlSetMLEText                                     isrt.obl(CustomDialog.obs)
36   CtrlSetState                                       isrt.obl(CustomDialog.obs)
37   CtrlSetText                                        isrt.obl(CustomDialog.obs)
38   DefineDialog                                       isrt.obl(CustomDialog.obs)
39   DeleteDir                                          isrt.obl(Files.obs)
40   DeleteFile                                         isrt.obl(Files.obs)
41   DeleteSingleFile                                   isrt.obl(Files.obs)
42   DialogSetDefaultFont                               isrt.obl(Dialogs.obs)
43   DialogSetFont                                      isrt.obl(Dialogs.obs)
44   DialogSetInfo                                      isrt.obl(Dialogs.obs)
45   Disable                                            isrt.obl(Enable.obs)
46   DllSizeOf                                          isrt.obl(Str.obs)
47   Do                                                 isrt.obl(Misc.obs)
48   Enable                                             isrt.obl(Enable.obs)
49   EndCurrentDialog                                   isrt.obl(Dialogs.obs)
50   EndDialog                                          isrt.obl(CustomDialog.obs)
51   ExistsDir                                          isrt.obl(Files.obs)
52   EzDefineDialog                                     isrt.obl(CustomDialog.obs)
53   FeatureCompareSizeRequired                         iswi.obl(FeatureConv.obs)
54   FeatureErrorInfo                                   iswi.obl(ComponentConv.obs)
55   FeatureFilterLanguage                              iswi.obl(FeatureConv.obs)
56   FeatureFilterOS                                    iswi.obl(FeatureConv.obs)
57   FeatureGetData                                     iswi.obl(ComponentConv.obs)
58   FeatureGetTotalCost                                iswi.obl(FeatureConv.obs)
59   FeatureIsItemSelected                              iswi.obl(ComponentConv.obs)
60   FeatureListItems                                   iswi.obl(ComponentConv.obs)
61   FeatureReinstall                                   iswi.obl(ComponentConv.obs)
62   FeatureRemoveAll                                   iswi.obl(ComponentConv.obs)
63   FeatureSaveTarget                                  iswi.obl(FeatureConv.obs)
64   FeatureSelectItem                                  iswi.obl(ComponentConv.obs)
65   FeatureTransferData                                iswi.obl(ComponentConv.obs)
66   FeaturesInstalled                                  iswi.obl(FileTransferFuncsConv.obs)
67   FeaturesInstalling                                 iswi.obl(FileTransferFuncsConv.obs)
68   FillLists                                          isrt.obl(ISRTScriptDialogs.obs)
69   FindAllDirs                                        isrt.obl(Files.obs)
70   FindAllFiles                                       isrt.obl(Files.obs)
71   FindFile                                           isrt.obl(Files.obs)
72   FormatMessage                                      isrt.obl(Misc.obs)
73   GDI32.CreateRectRgn                                Setup.obs
74   GDI32.GetDeviceCaps                                Setup.obs
75   GeneratedMSIScript                                 iswi.obl(FileTransferFuncsConv.obs)
76   GeneratingMSIScript                                iswi.obl(FileTransferFuncsConv.obs)
77   GetBasicMSI                                        isrt.obl(SysVars.obs)
78   GetBillboard                                       isrt.obl(SysVars.obs)
79   GetCompItemList                                    iswi.obl(CompHelperFuncs.obs)
80   GetComponentsFeatures                              iswi.obl(CompHelperFuncs.obs)
81   GetCurrentDialogName                               isrt.obl(Dialogs.obs)
82   GetCurrentDir                                      isrt.obl(Files.obs)
83   GetDialogTitle                                     isrt.obl(Dialogs.obs)
84   GetDir                                             isrt.obl(Str.obs)
85   GetDisk                                            isrt.obl(Str.obs)
86   GetDiskSpace                                       isrt.obl(GSI.obs)
87   GetDiskSpaceEx                                     isrt.obl(GSI.obs)
88   GetEnabledIServices                                isrt.obl(SysVars.obs)
89   GetExtents                                         isrt.obl(GSI.obs)
90   GetFolderApplications                              isrt.obl(SysVars.obs)
91   GetFolderApplications64                            isrt.obl(SysVars.obs)
92   GetFolderDotNet10                                  isrt.obl(SysVars.obs)
93   GetFolderDotNet11                                  isrt.obl(SysVars.obs)
94   GetFolderDotNet20                                  isrt.obl(SysVars.obs)
95   GetISRes                                           isrt.obl(SysVars.obs)
96   GetInstallScriptMSIEEUI                            isrt.obl(SysVars.obs)
97   GetKeyPathWinCurrVerAuto                           isrt.obl(SysVars.obs)
98   GetLine                                            isrt.obl(Files.obs)
99   GetLog                                             isrt.obl(SysVars.obs)
100  GetMSIFeatureName                                  iswi.obl(CompHelperFuncs.obs)
101  GetMaintenance                                     iswi.obl(ISWiInit.obs)
102  GetMsiFeaturePath                                  iswi.obl(CompHelperFuncs.obs)
103  GetMsiNameFromAliasTable                           iswi.obl(CompHelperFuncs.obs)
104  GetOpenFileMode                                    isrt.obl(Files.obs)
105  GetPackageLocation                                 isrt.obl(SysVars.obs)
106  GetPlatformList                                    iswi.obl(CompHelperFuncs.obs)
107  GetProductGUID                                     iswi.obl(ISWiInit.obs)
108  GetProfSectionKeyCount                             isrt.obl(Profile.obs)
109  GetProfString                                      isrt.obl(Profile.obs)
110  GetProfStringList                                  isrt.obl(Profile.obs)
111  GetProgramFiles                                    isrt.obl(SysVars.obs)
112  GetReinstallMode                                   isrt.obl(SysVars.obs)
113  GetRemoveAllMode                                   isrt.obl(SysVars.obs)
114  GetRemoveOnly                                      isrt.obl(SysVars.obs)
115  GetSelectedTreeComponent                           isrt.obl(CmptView.obs)
116  GetStandardSelectedLanguage                        isrt.obl(SysVars.obs)
117  GetSuiteHosted                                     isrt.obl(SysVars.obs)
118  GetSupportDir                                      isrt.obl(SysVars.obs)
119  GetSystemInfo                                      isrt.obl(GSI.obs)
120  GetTempFolder                                      isrt.obl(SysVars.obs)
121  GetUserSelectableAuto                              isrt.obl(SysVars.obs)
122  GetValidDrivesList                                 isrt.obl(GSI.obs)
123  GetWinDir                                          isrt.obl(SysVars.obs)
124  GetWinSysDir                                       isrt.obl(SysVars.obs)
125  GetWindowHandle                                    iswi.obl(MiscConv.obs)
126  HIWORD                                             isrt.obl(Misc.obs)
127  ISDeterminePlatform                                isrt.obl(OsInfo.obs)
128  ISMIF32.InstallStatusMIF                           isrt.obl(MIF.obs)
129  ISRT.ComponentViewSetInfoEx                        isrt.obl(Dialogs.obs)
130  ISRT.EnableHourGlass                               isrt.obl(Enable.obs)
131  ISRT.GetCPUType                                    isrt.obl(GSI.obs)
132  ISRT.GetFontSub                                    isrt.obl(Dialogs.obs)
133  ISRT.GetHandle                                     Setup.obs
134  ISRT.GetPorts                                      isrt.obl(GSI.obs)
135  ISRT.IsEmpty                                       Setup.obs
136  ISRT.IsNTAdmin                                     isrt.obl(Is.obs)
137  ISRT.IsObject                                      Setup.obs
138  ISRT.IsPowerUser                                   isrt.obl(Is.obs)
139  ISRT.LangLoadString                                isrt.obl(SDINT.obs)
140  ISRT.MessageBeepP                                  Setup.obs
141  ISRT.PathCompactPathPixel                          isrt.obl(CustomDialog.obs)
142  ISRT.PathGetDir                                    isrt.obl(Str.obs)
143  ISRT.PathGetDrive                                  isrt.obl(Str.obs)
144  ISRT.PathGetFile                                   isrt.obl(Files.obs)
145  ISRT.PathGetFileExt                                isrt.obl(Str.obs)
146  ISRT.PathGetFileName                               isrt.obl(Str.obs)
147  ISRT.PathGetLongFromShort                          isrt.obl(Str.obs)
148  ISRT.PathGetPath                                   isrt.obl(Str.obs)
149  ISRT.PathIsValidSyntax                             isrt.obl(Is.obs)
150  ISRT.VerGetFileVersion                             Setup.obs
151  ISRT._BrowseForFolder                              isrt.obl(ISRTScriptDialogsPriv.obs)
152  ISRT._CloseFile                                    isrt.obl(Files.obs)
153  ISRT._CmdGetHwndDlg                                isrt.obl(CustomDialog.obs)
154  ISRT._CompareDWORD                                 isrt.obl(Extend.obs)
155  ISRT._ComponentCompareSizeRequired                 iswi.obl(FeatureConv.obs)
156  ISRT._ComponentFilterLanguage                      iswi.obl(FeatureConv.obs)
157  ISRT._ComponentFilterOS                            iswi.obl(FeatureConv.obs)
158  ISRT._ComponentGetTotalCost                        iswi.obl(FeatureConv.obs)
159  ISRT._ComponentGetTotalCostEx                      Setup.obs
160  ISRT._ComponentSaveTarget                          iswi.obl(FeatureConv.obs)
161  ISRT._CreateDir                                    isrt.obl(Files.obs)
162  ISRT._CtrlGetNotificationCode                      isrt.obl(CustomDialog.obs)
163  ISRT._CtrlGetParentWindowHelper                    iswi.obl(MiscConv.obs)
164  ISRT._CtrlGetSubCommand                            isrt.obl(CustomDialog.obs)
165  ISRT._CtrlSetHtmlContent                           isrt.obl(CustomDialog.obs)
166  ISRT._CtrlSetMLERichText                           isrt.obl(CustomDialog.obs)
167  ISRT._DefineDialog                                 isrt.obl(CustomDialog.obs)
168  ISRT._DialogSetFont                                isrt.obl(Dialogs.obs)
169  ISRT._DisableStatus                                isrt.obl(Enable.obs)
170  ISRT._DoSprintf                                    iswi.obl(HelperFuncs.obs)
171  ISRT._EnableDialogCache                            isrt.obl(Enable.obs)
172  ISRT._EnablePrevDialog                             Setup.obs
173  ISRT._EnableSkins                                  isrt.obl(Enable.obs)
174  ISRT._EnableStatus                                 isrt.obl(Enable.obs)
175  ISRT._EnableWow64FsRedirection                     isrt.obl(Enable.obs)
176  ISRT._EndDialog                                    isrt.obl(CustomDialog.obs)
177  ISRT._ExistsDir                                    isrt.obl(Files.obs)
178  ISRT._ExistsFile                                   isrt.obl(Files.obs)
179  ISRT._FloatingPointOperation                       Setup.obs
180  ISRT._GetCurrentDialogName                         isrt.obl(Dialogs.obs)
181  ISRT._GetDiskSpaceEx                               isrt.obl(GSI.obs)
182  ISRT._GetDiskSpaceExEx                             Setup.obs
183  ISRT._GetGlobalMemorySize                          isrt.obl(GSI.obs)
184  ISRT._GetLine                                      isrt.obl(Files.obs)
185  ISRT._GetLineSize                                  isrt.obl(Files.obs)
186  ISRT._GetProcessorInfo                             isrt.obl(OsInfo.obs)
187  ISRT._GetRunningChildProcessEx2                    isrt.obl(Extend.obs)
188  ISRT._GetSelectedTreeComponent                     isrt.obl(CmptView.obs)
189  ISRT._GetStandardLangId                            isrt.obl(Misc.obs)
190  ISRT._GetSupportDir                                isrt.obl(SysVars.obs)
191  ISRT._GetSystemDpi                                 isrt.obl(GSI.obs)
192  ISRT._GetVirtualMachineType                        isrt.obl(GSI.obs)
193  ISRT._IsFontTypefaceNameAvailable                  isrt.obl(Is.obs)
194  ISRT._IsInAdminGroup                               isrt.obl(Is.obs)
195  ISRT._IsLangSupported                              isrt.obl(Is.obs)
196  ISRT._IsSkinLoaded                                 isrt.obl(Is.obs)
197  ISRT._IsVirtualMachine                             isrt.obl(OsInfo.obs)
198  ISRT._IsWindowsME                                  isrt.obl(GSI.obs)
199  ISRT._IsWow64                                      isrt.obl(OsInfo.obs)
200  ISRT._ListAddItem                                  isrt.obl(scrlist.obs)
201  ISRT._ListAddString                                isrt.obl(scrlist.obs)
202  ISRT._ListCount                                    isrt.obl(scrlist.obs)
203  ISRT._ListCreate                                   isrt.obl(scrlist.obs)
204  ISRT._ListCurrentString                            isrt.obl(scrlist.obs)
205  ISRT._ListDeleteItem                               isrt.obl(scrlist.obs)
206  ISRT._ListDeleteString                             isrt.obl(scrlist.obs)
207  ISRT._ListDestroy                                  isrt.obl(scrlist.obs)
208  ISRT._ListFindItem                                 isrt.obl(scrlist.obs)
209  ISRT._ListFindString                               isrt.obl(scrlist.obs)
210  ISRT._ListGetFirstItem                             isrt.obl(scrlist.obs)
211  ISRT._ListGetFirstString                           isrt.obl(scrlist.obs)
212  ISRT._ListGetNextItem                              isrt.obl(scrlist.obs)
213  ISRT._ListGetNextString                            isrt.obl(scrlist.obs)
214  ISRT._ListGetType                                  isrt.obl(scrlist.obs)
215  ISRT._ListReadFromFile                             isrt.obl(scrlist.obs)
216  ISRT._ListSetIndex                                 isrt.obl(scrlist.obs)
217  ISRT._MediaGetFilteringInfo                        iswi.obl(FeatureConv.obs)
218  ISRT._MediaGetInfo                                 iswi.obl(FeatureConv.obs)
219  ISRT._OpenFile                                     isrt.obl(Files.obs)
220  ISRT._Preprogram                                   Setup.obs
221  ISRT._PrintFile                                    isrt.obl(Files.obs)
222  ISRT._RegCreateKey                                 isrt.obl(Registry.obs)
223  ISRT._RegDeleteKey                                 isrt.obl(Registry.obs)
224  ISRT._RegEnableTextSubs                            isrt.obl(Enable.obs)
225  ISRT._RegEnum                                      isrt.obl(Registry.obs)
226  ISRT._RegGetOptions                                isrt.obl(SysVars.obs)
227  ISRT._RegIsRemoteRegConnected                      isrt.obl(Is.obs)
228  ISRT._RegQueryKeyBinaryValue                       isrt.obl(Registry.obs)
229  ISRT._RegQueryKeyValue                             isrt.obl(Registry.obs)
230  ISRT._RegSetKeyBinaryValue                         isrt.obl(Registry.obs)
231  ISRT._RegSetKeyValue                               isrt.obl(Registry.obs)
232  ISRT._RegSetOptions                                isrt.obl(SysVars.obs)
233  ISRT._ReleaseDialog                                isrt.obl(CustomDialog.obs)
234  ISRT._SdShowMsg                                    isrt.obl(ISRTScriptDialogsPriv.obs)
235  ISRT._SetAltMainImage                              isrt.obl(Dialogs.obs)
236  ISRT._SetDisplayEffect                             isrt.obl(ui.obs)
237  ISRT._SetSilentSdShowMsg                           isrt.obl(Enable.obs)
238  ISRT._SetTitle                                     isrt.obl(ui.obs)
239  ISRT._SetupTraceWrite                              isrt.obl(Misc.obs)
240  ISRT._TreeViewCreate                               isrt.obl(CmptView.obs)
241  ISRT._WaitOnDialog                                 isrt.obl(CustomDialog.obs)
242  ISRT._WriteLine                                    isrt.obl(Files.obs)
243  ISRT.__CreateObjectContext                         isrt.obl(ISRTInit.obs)
244  ISRT.__GetCmdLineOptions                           isrt.obl(ISRTInit.obs)
245  ISRT.__GetContextGUID                              isrt.obl(ISRTInit.obs)
246  ISRT.__GetEnabledIServices                         isrt.obl(SysVars.obs)
247  ISRT.__GetFileRegistrar                            isrt.obl(ISRTInit.obs)
248  ISRT.__GetISMSIStringTableObj                      iswi.obl(ISWiInit.obs)
249  ISRT.__GetInfo                                     isrt.obl(ISRTInit.obs)
250  ISRT.__GetInstallGuid                              isrt.obl(SysVars.obs)
251  ISRT.__GetLog                                      isrt.obl(SysVars.obs)
252  ISRT.__GetLogDB                                    isrt.obl(ISRTInit.obs)
253  ISRT.__GetMainWindow                               Setup.obs
254  ISRT.__GetMaintOption                              isrt.obl(SysVars.obs)
255  ISRT.__GetMaintenanceMode                          isrt.obl(SysVars.obs)
256  ISRT.__GetObjects                                  isrt.obl(ISRTInit.obs)
257  ISRT.__GetProductGuid                              isrt.obl(SysVars.obs)
258  ISRT.__GetProgress                                 Setup.obs
259  ISRT.__GetReboot                                   isrt.obl(ISRTInit.obs)
260  ISRT.__GetReinstallMode                            isrt.obl(SysVars.obs)
261  ISRT.__GetRemoveAllMode                            isrt.obl(SysVars.obs)
262  ISRT.__GetTextSub                                  isrt.obl(ISRTInit.obs)
263  ISRT.__GetUpdateMode                               isrt.obl(SysVars.obs)
264  ISRT.__PutEnabledIServices                         isrt.obl(Enable.obs)
265  ISRT.__ReleaseObjectContext                        isrt.obl(ISRTInit.obs)
266  ISRT.__RestoreMainLog                              isrt.obl(ISRTInit.obs)
267  ISRT.__RestoreMainLogEx                            isrt.obl(ISRTInit.obs)
268  ISRT.__SetComponentLog                             isrt.obl(ISRTInit.obs)
269  ISRT.__SetUpdateMode                               isrt.obl(SysVars.obs)
270  ISRTHandleScriptException                          isrt.obl(Misc.obs)
271  ISRTPreprogram                                     isrt.obl(Driver.obs)
272  ISWIOnAppSearch                                    iswi.obl(DriverConv.obs)
273  ISWIOnCCPSearch                                    iswi.obl(DriverConv.obs)
274  ISWIOnExitInstall                                  iswi.obl(DriverConv.obs)
275  ISWIOnFirstUIAfter                                 iswi.obl(DriverConv.obs)
276  ISWIOnFirstUIBefore                                iswi.obl(DriverConv.obs)
277  ISWIOnInitInstall                                  iswi.obl(DriverConv.obs)
278  ISWIOnMaintUIAfter                                 iswi.obl(DriverConv.obs)
279  ISWIOnMaintUIBefore                                iswi.obl(DriverConv.obs)
280  ISWIOnMoveData                                     iswi.obl(DriverConv.obs)
281  ISWIOnMoveDataPostInstall                          iswi.obl(DriverConv.obs)
282  ISWIOnMoveDataPreInstall                           iswi.obl(DriverConv.obs)
283  ISWIOnResumeUIAfter                                iswi.obl(DriverConv.obs)
284  ISWIOnResumeUIBefore                               iswi.obl(DriverConv.obs)
285  ISWIPostprogram                                    iswi.obl(DriverConv.obs)
286  ISWIPreprogram                                     iswi.obl(DriverConv.obs)
287  InstallFilesActionAfter                            iswi.obl(FileTransferFuncsConv.obs)
288  InstallFilesActionBefore                           iswi.obl(FileTransferFuncsConv.obs)
289  Is                                                 isrt.obl(Is.obs)
290  IsComponentFiltered                                iswi.obl(CompHelperFuncs.obs)
291  IsTestSetup                                        iswi.obl(HelperFuncs.obs)
292  KERNEL.GetModuleHandle                             Setup.obs
293  KERNEL32.CloseHandle                               Setup.obs
294  KERNEL32.CreateFileW                               Setup.obs
295  KERNEL32.CreateProcess                             Setup.obs
296  KERNEL32.DeleteFileW                               Setup.obs
297  KERNEL32.FileTimeToLocalFileTime                   Setup.obs
298  KERNEL32.FileTimeToSystemTime                      Setup.obs
299  KERNEL32.FindClose                                 Setup.obs
300  KERNEL32.FindFirstFileW                            Setup.obs
301  KERNEL32.FindNextFileW                             Setup.obs
302  KERNEL32.FormatMessageW                            Setup.obs
303  KERNEL32.FreeLibrary                               Setup.obs
304  KERNEL32.GetCurrentDirectoryW                      Setup.obs
305  KERNEL32.GetDriveType                              Setup.obs
306  KERNEL32.GetExitCodeProcess                        Setup.obs
307  KERNEL32.GetFileAttributesW                        Setup.obs
308  KERNEL32.GetFileTime                               Setup.obs
309  KERNEL32.GetLocalTime                              Setup.obs
310  KERNEL32.GetLocaleInfo                             Setup.obs
311  KERNEL32.GetPrivateProfileSectionW                 Setup.obs
312  KERNEL32.GetPrivateProfileString                   Setup.obs
313  KERNEL32.GetPrivateProfileStringW                  Setup.obs
314  KERNEL32.GetProcAddress                            Setup.obs
315  KERNEL32.GetProcessId                              Setup.obs
316  KERNEL32.GetProfileStringW                         Setup.obs
317  KERNEL32.GetSystemDefaultLCID                      Setup.obs
318  KERNEL32.GetSystemDefaultLangID                    Setup.obs
319  KERNEL32.GetSystemDefaultUILanguage                Setup.obs
320  KERNEL32.GetTickCount                              Setup.obs
321  KERNEL32.GetUserDefaultLangID                      Setup.obs
322  KERNEL32.GetVersion                                Setup.obs
323  KERNEL32.GetVersionEx                              Setup.obs
324  KERNEL32.GetVolumeInformation                      Setup.obs
325  KERNEL32.GetWindowsDirectory                       Setup.obs
326  KERNEL32.GetWindowsDirectoryW                      Setup.obs
327  KERNEL32.LoadLibraryW                              Setup.obs
328  KERNEL32.LocalFileTimeToFileTime                   Setup.obs
329  KERNEL32.MoveFileW                                 Setup.obs
330  KERNEL32.RemoveDirectoryW                          Setup.obs
331  KERNEL32.SetCurrentDirectoryW                      Setup.obs
332  KERNEL32.SetFileAttributesW                        Setup.obs
333  KERNEL32.SetFileTime                               Setup.obs
334  KERNEL32.Sleep                                     Setup.obs
335  KERNEL32.SystemTimeToFileTime                      Setup.obs
336  KERNEL32.WritePrivateProfileString                 Setup.obs
337  KERNEL32.WritePrivateProfileStringW                Setup.obs
338  KERNEL32.WriteProfileStringW                       Setup.obs
339  KERNEL32.lstrlenW                                  Setup.obs
340  Kernel32.GetModuleHandleW                          iswi.obl(ComponentConv.obs)
341  LOWORD                                             isrt.obl(Misc.obs)
342  LaunchAppAndWait                                   isrt.obl(Extend.obs)
343  LaunchAppAndWaitInitStartupInfo                    isrt.obl(Extend.obs)
344  LaunchApplication                                  isrt.obl(Extend.obs)
345  LaunchApplicationInit                              isrt.obl(Extend.obs)
346  ListAddItem                                        isrt.obl(scrlist.obs)
347  ListAddString                                      isrt.obl(scrlist.obs)
348  ListConvertStrToNum                                isrt.obl(scrlist.obs)
349  ListCount                                          isrt.obl(scrlist.obs)
350  ListCreate                                         isrt.obl(scrlist.obs)
351  ListCurrentString                                  isrt.obl(scrlist.obs)
352  ListDeleteItem                                     isrt.obl(scrlist.obs)
353  ListDeleteString                                   isrt.obl(scrlist.obs)
354  ListDestroy                                        isrt.obl(scrlist.obs)
355  ListFindItem                                       isrt.obl(scrlist.obs)
356  ListFindString                                     isrt.obl(scrlist.obs)
357  ListGetFirstItem                                   isrt.obl(scrlist.obs)
358  ListGetFirstString                                 isrt.obl(scrlist.obs)
359  ListGetLastString                                  iswi.obl(CompHelperFuncs.obs)
360  ListGetNextItem                                    isrt.obl(scrlist.obs)
361  ListGetNextString                                  isrt.obl(scrlist.obs)
362  ListGetType                                        isrt.obl(scrlist.obs)
363  ListReadFromFile                                   isrt.obl(scrlist.obs)
364  ListSetIndex                                       isrt.obl(scrlist.obs)
365  ListValid                                          isrt.obl(scrlist.obs)
366  ListValidType                                      isrt.obl(scrlist.obs)
367  LoadStringFromStringTable                          iswi.obl(ISWiInit.obs)
368  LongPathFromShortPath                              isrt.obl(Str.obs)
369  LongPathToQuote                                    isrt.obl(Str.obs)
370  MAKELONG                                           isrt.obl(Misc.obs)
371  MIFCreateMIFFile                                   isrt.obl(MIF.obs)
372  MIFDeleteMIFFile                                   isrt.obl(MIF.obs)
373  MIFInitialize                                      isrt.obl(MIF.obs)
374  MIFSetInformation                                  isrt.obl(MIF.obs)
375  MIFUnInitialize                                    isrt.obl(MIF.obs)
376  MIFWasSetInformationCalled                         isrt.obl(MIF.obs)
377  MediaGetDataEx                                     iswi.obl(FeatureConv.obs)
378  MessageBeep                                        isrt.obl(Misc.obs)
379  MessageBox                                         isrt.obl(ISRTScriptDialogsPriv.obs)
380  MessageBoxEx                                       isrt.obl(ISRTScriptDialogsPriv.obs)
381  Moved                                              iswi.obl(FileTransferFuncsConv.obs)
382  Moving                                             iswi.obl(FileTransferFuncsConv.obs)
383  MsiCloseHandle                                     iswi.obl(MsiFuncsConv.obs)
384  MsiCreateRecord                                    iswi.obl(MsiFuncsConv.obs)
385  MsiDatabaseOpenView                                iswi.obl(MsiFuncsConv.obs)
386  MsiDoAction                                        iswi.obl(MsiFuncsConv.obs)
387  MsiGetActiveDatabase                               iswi.obl(MsiFuncsConv.obs)
388  MsiGetMode                                         iswi.obl(MsiFuncsConv.obs)
389  MsiGetProperty                                     iswi.obl(MsiFuncsConv.obs)
390  MsiGetPropertyIS                                   iswi.obl(MsiFuncsConv.obs)
391  MsiGetSourcePath                                   iswi.obl(MsiFuncsConv.obs)
392  MsiGetTargetPath                                   iswi.obl(MsiFuncsConv.obs)
393  MsiInstallProduct                                  iswi.obl(MsiFuncsConv.obs)
394  MsiProcessMessage                                  iswi.obl(MsiFuncsConv.obs)
395  MsiQueryFeatureState                               iswi.obl(MsiFuncsConv.obs)
396  MsiRecordGetInteger                                iswi.obl(MsiFuncsConv.obs)
397  MsiRecordGetString                                 iswi.obl(MsiFuncsConv.obs)
398  MsiRecordSetString                                 iswi.obl(MsiFuncsConv.obs)
399  MsiSetProperty                                     iswi.obl(MsiFuncsConv.obs)
400  MsiSetTargetPath                                   iswi.obl(MsiFuncsConv.obs)
401  MsiViewExecute                                     iswi.obl(MsiFuncsConv.obs)
402  MsiViewFetch                                       iswi.obl(MsiFuncsConv.obs)
403  NS_Installed                                       Setup.obs
404  NS_Installing                                      Setup.obs
405  NS_UnInstalled                                     Setup.obs
406  NS_UnInstalling                                    Setup.obs
407  OnAbort                                            Setup.obs
408  OnAction                                           iswi.obl(ISWiInit.obs)
409  OnAdminInstallUIAfter                              iswi.obl(DriverConv.obs)
410  OnAdminInstallUIBefore                             iswi.obl(DriverConv.obs)
411  OnAdminPatchUIAfter                                iswi.obl(DriverConv.obs)
412  OnAdminPatchUIBefore                               iswi.obl(DriverConv.obs)
413  OnAdvertisementAfter                               iswi.obl(DriverConv.obs)
414  OnAdvertisementBefore                              iswi.obl(DriverConv.obs)
415  OnAppSearch                                        Setup.obs
416  OnBegin                                            Setup.obs
417  OnCCPSearch                                        iswi.obl(DriverConv.obs)
418  OnCanceling                                        iswi.obl(DriverConv.obs)
419  OnComponentError                                   iswi.obl(DriverConv.obs)
420  OnDIFxLogCallback                                  isrt.obl(ISDIFx.obs)
421  OnDIFxLogCallbackImpl                              isrt.obl(ISDIFx.obs)
422  OnEnd                                              Setup.obs
423  OnError                                            iswi.obl(DriverConv.obs)
424  OnException                                        iswi.obl(DriverConv.obs)
425  OnFeaturesInstalled                                iswi.obl(FileTransferFuncsConv.obs)
426  OnFeaturesInstalling                               iswi.obl(FileTransferFuncsConv.obs)
427  OnFileError                                        iswi.obl(Exceptions.obs)
428  OnFileLocked                                       iswi.obl(Exceptions.obs)
429  OnFileReadOnly                                     iswi.obl(Exceptions.obs)
430  OnFilesInUse                                       iswi.obl(DriverConv.obs)
431  OnFilterComponents                                 Setup.obs
432  OnFirstUIAfter                                     Setup.obs
433  OnFirstUIBefore                                    Setup.obs
434  OnGeneratedMSIScript                               iswi.obl(DriverConv.obs)
435  OnGeneratingMSIScript                              iswi.obl(DriverConv.obs)
436  OnHelp                                             iswi.obl(DriverConv.obs)
437  OnInstallFilesActionAfter                          iswi.obl(DriverConv.obs)
438  OnInstallFilesActionBefore                         iswi.obl(DriverConv.obs)
439  OnInternetError                                    iswi.obl(Exceptions.obs)
440  OnLaunchAppAndWaitCallback                         iswi.obl(DriverConv.obs)
441  OnLogonUserSetMsiProperties                        iswi.obl(DriverConv.obs)
442  OnMD5Error                                         iswi.obl(Exceptions.obs)
443  OnMaintUIAfter                                     Setup.obs
444  OnMaintUIBefore                                    Setup.obs
445  OnMaintenance                                      iswi.obl(DriverConv.obs)
446  OnMoved                                            iswi.obl(DriverConv.obs)
447  OnMoving                                           iswi.obl(DriverConv.obs)
448  OnMsiSilentInstall                                 iswi.obl(DriverConv.obs)
449  OnNetApiCreateUserAccountInternal                  isrt.obl(NetApiRT.obs)
450  OnNextDisk                                         iswi.obl(Exceptions.obs)
451  OnOutOfDiskSpace                                   iswi.obl(DriverConv.obs)
452  OnPatchUIAfter                                     iswi.obl(DriverConv.obs)
453  OnPatchUIBefore                                    iswi.obl(DriverConv.obs)
454  OnRMFilesInUse                                     iswi.obl(DriverConv.obs)
455  OnRebooted                                         iswi.obl(DriverConv.obs)
456  OnRemovingSharedFile                               iswi.obl(Exceptions.obs)
457  OnResume                                           iswi.obl(DriverConv.obs)
458  OnResumeUIAfter                                    iswi.obl(DriverConv.obs)
459  OnResumeUIBefore                                   Setup.obs
460  OnSQLLogin                                         iswi.obl(DriverConv.obs)
461  OnSelfRegistrationError                            iswi.obl(Exceptions.obs)
462  OnUnhandledException                               iswi.obl(DriverConv.obs)
463  OnUninstall                                        iswi.obl(DriverConv.obs)
464  OnUpdateService                                    iswi.obl(DriverConv.obs)
465  OnWarning                                          iswi.obl(DriverConv.obs)
466  OpenFile                                           isrt.obl(Files.obs)
467  OpenFileMode                                       isrt.obl(Files.obs)
468  ParsePath                                          isrt.obl(Str.obs)
469  PopulateColumnHeaders                              isrt.obl(ISRTScriptDialogs.obs)
470  PopulateListView                                   isrt.obl(ISRTScriptDialogs.obs)
471  PostShowComponentDlg                               iswi.obl(ISWiInit.obs)
472  Postprogram                                        iswi.obl(DriverConv.obs)
473  PreShowComponentDlg                                iswi.obl(ISWiInit.obs)
474  Preprogram                                         iswi.obl(DriverConv.obs)
475  PrintFile                                          isrt.obl(Files.obs)
476  ProgramEeuiPostInstall                             iswi.obl(DriverConv.obs)
477  ProgramEeuiPreInstall                              iswi.obl(DriverConv.obs)
478  PthFixPath                                         isrt.obl(Pth.obs)
479  PthIsAbsPath                                       isrt.obl(Pth.obs)
480  PthIsRoot                                          isrt.obl(Pth.obs)
481  RebootNeeded                                       iswi.obl(FileTransferFuncsConv.obs)
482  RedirectMsiCloseHandle                             iswi.obl(RedirectedMsiFuncsConv.obs)
483  RedirectMsiCreateRecord                            iswi.obl(RedirectedMsiFuncsConv.obs)
484  RedirectMsiGetActiveDatabase                       iswi.obl(RedirectedMsiFuncsConv.obs)
485  RedirectMsiGetMode                                 iswi.obl(RedirectedMsiFuncsConv.obs)
486  RedirectMsiProcessMessage                          iswi.obl(RedirectedMsiFuncsConv.obs)
487  RedirectMsiRecordGetInteger                        iswi.obl(RedirectedMsiFuncsConv.obs)
488  RedirectMsiViewExecute                             iswi.obl(RedirectedMsiFuncsConv.obs)
489  RedirectMsiViewFetch                               iswi.obl(RedirectedMsiFuncsConv.obs)
490  RegDBDeleteKey                                     isrt.obl(Registry.obs)
491  RegDBGetDefaultRoot                                isrt.obl(SysVars.obs)
492  RegDBGetItem                                       isrt.obl(Registry.obs)
493  RegDBGetKeyValueEx                                 isrt.obl(Registry.obs)
494  RegDBQueryKey                                      isrt.obl(Registry.obs)
495  RegDBQueryKeyCount                                 isrt.obl(Registry.obs)
496  RegDBQueryStringMultiStringCount                   isrt.obl(Registry.obs)
497  RegDBQueryValue                                    isrt.obl(Registry.obs)
498  RegDBQueryValue32                                  isrt.obl(Registry.obs)
499  RegDBSetDefaultRoot                                isrt.obl(SysVars.obs)
500  RegDBSetKeyValueEx                                 isrt.obl(Registry.obs)
501  RegDBSetValue                                      isrt.obl(Registry.obs)
502  ReleaseDialog                                      isrt.obl(CustomDialog.obs)
503  RemoveSpaces                                       iswi.obl(HelperFuncs.obs)
504  RenameFile                                         isrt.obl(Files.obs)
505  ResolveShellObjectsFolder                          iswi.obl(CompHelperFuncs.obs)
506  SdAskDestPath2                                     isrt.obl(ISRTScriptDialogs.obs)
507  SdCloseDlg                                         isrt.obl(SDINT.obs)
508  SdComponentDlgCheckSpace                           isrt.obl(SDINT.obs)
509  SdDiskSpace2                                       isrt.obl(ISRTScriptDialogs.obs)
510  SdDlgToTop                                         isrt.obl(SDINT.obs)
511  SdDoStdButton                                      isrt.obl(SDINT.obs)
512  SdEnablement                                       isrt.obl(SDINT.obs)
513  SdError                                            isrt.obl(SDINT.obs)
514  SdFeatureTree                                      isrt.obl(ISRTScriptDialogs.obs)
515  SdFilesInUse                                       isrt.obl(ISRTScriptDialogs.obs)
516  SdFinish                                           isrt.obl(ISRTScriptDialogs.obs)
517  SdFinishReboot                                     isrt.obl(ISRTScriptDialogs.obs)
518  SdGeneralInit                                      isrt.obl(SDINT.obs)
519  SdInit                                             isrt.obl(SDINT.obs)
520  SdIsStdButton                                      isrt.obl(SDINT.obs)
521  SdLicenseEx                                        isrt.obl(ISRTScriptDialogs.obs)
522  SdLoadString                                       isrt.obl(SDINT.obs)
523  SdMakeName                                         isrt.obl(SDINT.obs)
524  SdPatchWelcome                                     isrt.obl(ISRTScriptDialogs.obs)
525  SdPlugInProductName                                isrt.obl(SDINT.obs)
526  SdRMFilesInUse                                     isrt.obl(ISRTScriptDialogs.obs)
527  SdSetDlgTitle                                      isrt.obl(SDINT.obs)
528  SdSetStatic                                        isrt.obl(SDINT.obs)
529  SdSetupCompleteError                               isrt.obl(ISRTScriptDialogs.obs)
530  SdShowDlgEdit2                                     isrt.obl(ISRTScriptDialogs.obs)
531  SdShowInfoList                                     isrt.obl(ISRTScriptDialogs.obs)
532  SdShowMsg                                          isrt.obl(ISRTScriptDialogsPriv.obs)
533  SdStartCopy                                        isrt.obl(ISRTScriptDialogs.obs)
534  SdSubstituteProductInfo                            isrt.obl(SDINT.obs)
535  SdUnInit                                           isrt.obl(SDINT.obs)
536  SdWelcome                                          isrt.obl(ISRTScriptDialogs.obs)
537  SelectDir                                          isrt.obl(ISRTScriptDialogsPriv.obs)
538  SelectDirNoLog                                     isrt.obl(ISRTScriptDialogsPriv.obs)
539  SendMessage                                        isrt.obl(Misc.obs)
540  ServiceExistsService                               isrt.obl(Service.obs)
541  ServiceGetServiceState                             isrt.obl(Service.obs)
542  ServiceInitParams                                  isrt.obl(Service.obs)
543  ServiceRemoveService                               isrt.obl(Service.obs)
544  ServiceStopService                                 isrt.obl(Service.obs)
545  SetCmdLine                                         isrt.obl(SysVars.obs)
546  SetDisplayEffect                                   isrt.obl(ui.obs)
547  SetExtendedErrInfo                                 isrt.obl(IsUtil.obs)
548  SetFileInfo                                        isrt.obl(Files.obs)
549  SetGlobalVars                                      iswi.obl(ISWiInit.obs)
550  SetInstallationInfo                                isrt.obl(Registry.obs)
551  SetMifInformationOnly                              isrt.obl(Registry.obs)
552  SetStatusExStaticText                              isrt.obl(ui.obs)
553  SetStatusWindow                                    isrt.obl(ui.obs)
554  SetTitle                                           isrt.obl(ui.obs)
555  SetupTraceWrite                                    isrt.obl(Misc.obs)
556  Shell32.ShellExecuteExW                            Setup.obs
557  SilentDoGeneralInfo                                isrt.obl(Silent.obs)
558  SilentFailed                                       isrt.obl(Silent.obs)
559  SilentFinish                                       isrt.obl(Silent.obs)
560  SilentInit                                         isrt.obl(Silent.obs)
561  SilentReadData                                     isrt.obl(Silent.obs)
562  SilentSetInfo                                      isrt.obl(Silent.obs)
563  SilentSetMode                                      isrt.obl(Silent.obs)
564  SilentWriteData                                    isrt.obl(Silent.obs)
565  Sprintf                                            isrt.obl(Str.obs)
566  SprintfBox                                         isrt.obl(ISRTScriptDialogsPriv.obs)
567  SprintfMsiLog                                      iswi.obl(HelperFuncs.obs)
568  StrAddLastSlash                                    isrt.obl(Str.obs)
569  StrConvertSizeUnit                                 isrt.obl(Str.obs)
570  StrDelete                                          iswi.obl(HelperFuncs.obs)
571  StrFindEx                                          isrt.obl(Str.obs)
572  StrGetTokens                                       isrt.obl(Str.obs)
573  StrLength                                          isrt.obl(Str.obs)
574  StrParseMSIMessage                                 isrt.obl(Str.obs)
575  StrRemoveLastSlash                                 isrt.obl(Str.obs)
576  StrReplace                                         isrt.obl(Str.obs)
577  StrToNumHex                                        isrt.obl(Str.obs)
578  StrToUpper                                         isrt.obl(Str.obs)
579  StrTrim                                            isrt.obl(Str.obs)
580  SuiteLogInfo                                       isrt.obl(SuiteWrappers.obs)
581  SuiteReportError                                   isrt.obl(SuiteWrappers.obs)
582  SysVarsInit                                        isrt.obl(SysVars.obs)
583  SysVarsInitConv                                    iswi.obl(SysVarsConv.obs)
584  SysVarsTrace                                       isrt.obl(SysVars.obs)
585  SysVarsUnInit                                      iswi.obl(SysVarsConv.obs)
586  System                                             isrt.obl(Misc.obs)
587  SystemRestoreCancelRestorePointIS                  isrt.obl(PCRestore.obs)
588  SystemRestoreCloseRestorePointIS                   isrt.obl(PCRestore.obs)
589  SystemRestoreDisableIS                             isrt.obl(PCRestore.obs)
590  SystemRestoreIsEnabledIS                           isrt.obl(PCRestore.obs)
591  SystemRestoreOpenRestorePointIS                    isrt.obl(PCRestore.obs)
592  TextSubGetValue                                    isrt.obl(TextSub.obs)
593  TextSubParseTextSub                                isrt.obl(TextSub.obs)
594  TextSubSetValue                                    isrt.obl(TextSub.obs)
595  TreeViewCreate                                     isrt.obl(CmptView.obs)
596  USER.EnableWindow                                  Setup.obs
597  USER.GetClassName                                  Setup.obs
598  USER.GetDC                                         Setup.obs
599  USER.GetDlgItem                                    Setup.obs
600  USER.GetFocus                                      Setup.obs
601  USER.GetWindowLong                                 Setup.obs
602  USER.GetWindowRect                                 Setup.obs
603  USER.IsIconic                                      Setup.obs
604  USER.IsWindow                                      Setup.obs
605  USER.ReleaseDC                                     Setup.obs
606  USER.SendMessageW                                  Setup.obs
607  USER.SetFocus                                      Setup.obs
608  USER.SetWindowPos                                  Setup.obs
609  USER.SetWindowText                                 Setup.obs
610  USER.ShowWindow                                    Setup.obs
611  USER32.CharUpperBuffW                              Setup.obs
612  USER32.DestroyWindow                               Setup.obs
613  USER32.GetDesktopWindow                            Setup.obs
614  USER32.GetSystemMetrics                            Setup.obs
615  USER32.GetWindowText                               Setup.obs
616  USER32.GetWindowTextLength                         Setup.obs
617  USER32.IsWindowVisible                             Setup.obs
618  USER32.MessageBoxW                                 Setup.obs
619  USER32.MsgWaitForMultipleObjects                   Setup.obs
620  USER32.PeekMessageW                                Setup.obs
621  USER32.SendMessageW                                Setup.obs
622  USER32.SetForegroundWindow                         Setup.obs
623  USER32.SetWindowLong                               Setup.obs
624  USER32.SetWindowRgn                                Setup.obs
625  USER32.WaitForInputIdle                            Setup.obs
626  UpdateDirectoryPathForIsMsiEeui                    iswi.obl(HelperFuncs.obs)
627  UpdateServiceEnableUpdateService                   isrt.obl(ISUpdateService.obs)
628  User32.LoadStringW                                 iswi.obl(ComponentConv.obs)
629  VarInit                                            isrt.obl(SysVars.obs)
630  VarRestore                                         iswi.obl(SysVarsConv.obs)
631  VarRestoreISRT                                     isrt.obl(SysVars.obs)
632  VarSave                                            iswi.obl(SysVarsConv.obs)
633  VarSaveISRT                                        isrt.obl(SysVars.obs)
634  VerCompare                                         isrt.obl(version.obs)
635  VerProductGetInstalledVersion                      isrt.obl(version.obs)
636  VerProductNumToStr                                 isrt.obl(version.obs)
637  VerProductVerPartsFromVer                          isrt.obl(version.obs)
638  WaitForApplication                                 isrt.obl(Extend.obs)
639  WaitOnDialog                                       isrt.obl(CustomDialog.obs)
640  WriteLine                                          isrt.obl(Files.obs)
641  WriteProfString                                    isrt.obl(Profile.obs)
642  WriteVersion.AU_GenerateGuid                       Setup.obs
643  WriteVersion.AU_WriteInfo                          Setup.obs
644  _WinSubFocusControl                                isrt.obl(WINSUB.obs)
645  _WinSubFocusWindow                                 isrt.obl(WINSUB.obs)
646  _WinSubGetChildWindow                              isrt.obl(WINSUB.obs)
647  _WinSubIsWindow                                    isrt.obl(WINSUB.obs)
648  __AddStringToArray                                 iswi.obl(HelperFuncs.obs)
649  __Begin                                            iswi.obl(DriverConv.obs)
650  __ComponentListItemsEx                             iswi.obl(CompHelperFuncs.obs)
651  __ComponentListItemsExInstall                      iswi.obl(CompHelperFuncs.obs)
652  __ComponentListItemsExUnInstall                    iswi.obl(CompHelperFuncs.obs)
653  __ComponentMoveXferData                            iswi.obl(CompHelperFuncs.obs)
654  __End                                              iswi.obl(DriverConv.obs)
655  __GetFinishMode                                    iswi.obl(ISWiInit.obs)
656  __GetMsiHandle                                     iswi.obl(SysVarsConv.obs)
657  __GetSourceDir                                     iswi.obl(SysVarsConv.obs)
658  __GetSystemFolder                                  iswi.obl(SysVarsConv.obs)
659  __HandleError                                      iswi.obl(ErrHandler.obs)
660  __ISRTDoExit                                       isrt.obl(Misc.obs)
661  __ISRTInit                                         isrt.obl(ISRTInit.obs)
662  __ISRTRestoreMainLog                               isrt.obl(ISRTInit.obs)
663  __ISRTRestoreMainLogEx                             isrt.obl(ISRTInit.obs)
664  __ISRTSetComponentLog                              isrt.obl(ISRTInit.obs)
665  __ISRTUnInit                                       isrt.obl(ISRTInit.obs)
666  __ISWIInit                                         iswi.obl(ISWiInit.obs)
667  __ISWIMsiHandle                                    iswi.obl(ISWiInit.obs)
668  __ISWIUnInit                                       iswi.obl(ISWiInit.obs)
669  __IsArrayEmpty                                     iswi.obl(HelperFuncs.obs)
670  __LoadIScriptString                                isrt.obl(LoadStr.obs)
671  __Moved                                            iswi.obl(FileTransferFuncsConv.obs)
672  __Moving                                           iswi.obl(FileTransferFuncsConv.obs)
673  __MsiOpenView                                      iswi.obl(CompHelperFuncs.obs)
674  __MsiQueryFeatureState                             iswi.obl(MsiWrappersConv.obs)
675  __MsiRecordGetString                               iswi.obl(MsiWrappersConv.obs)
676  __OnAbort                                          iswi.obl(DriverConv.obs)
677  __OnAdminPatch                                     iswi.obl(DriverConv.obs)
678  __OnAdministrativeInstall                          iswi.obl(DriverConv.obs)
679  __OnAdvertisement                                  iswi.obl(DriverConv.obs)
680  __OnBegin                                          iswi.obl(DriverConv.obs)
681  __OnCanceling                                      iswi.obl(DriverConv.obs)
682  __OnEnd                                            iswi.obl(DriverConv.obs)
683  __OnError                                          iswi.obl(DriverConv.obs)
684  __OnMsiMaintenance                                 iswi.obl(DriverConv.obs)
685  __OnMsiRebooted                                    iswi.obl(DriverConv.obs)
686  __OnMsiSilentInstall                               iswi.obl(DriverConv.obs)
687  __OnMsiUninstall                                   iswi.obl(DriverConv.obs)
688  __OnPatch                                          iswi.obl(DriverConv.obs)
689  __OnResume                                         iswi.obl(DriverConv.obs)
690  __OnWarning                                        iswi.obl(DriverConv.obs)
691  __ResetMsiObject                                   iswi.obl(ISWiInit.obs)
692  __SetMaintenance                                   iswi.obl(ISWiInit.obs)
693  __SetMsiHandle                                     iswi.obl(SysVarsConv.obs)
694  __SetMsiServer                                     iswi.obl(ISWiInit.obs)
695  __SetPatch                                         iswi.obl(SysVarsConv.obs)
696  __SetSourceDir                                     iswi.obl(SysVarsConv.obs)
697  isrt._ComponentGetData                             iswi.obl(ComponentConv.obs)
698  isrt._ComponentIsItemSelected                      iswi.obl(ComponentConv.obs)
699  isrt._ComponentListItems                           iswi.obl(ComponentConv.obs)
700  isrt._ComponentReinstall                           iswi.obl(ComponentConv.obs)
701  isrt._ComponentRemoveAll                           iswi.obl(ComponentConv.obs)
702  isrt._ComponentSelectItem                          iswi.obl(ComponentConv.obs)
703  isrt._EnableDialogCache                            iswi.obl(ISWiInit.obs)
704  kernel32.CreateMutexA                              Setup.obs
705  kernel32.OpenMutexA                                Setup.obs
706  msi.MsiCloseHandle                                 iswi.obl(RedirectedMsiFuncsConv.obs)
707  msi.MsiCreateRecord                                iswi.obl(RedirectedMsiFuncsConv.obs)
708  msi.MsiDatabaseOpenViewW                           Setup.obs
709  msi.MsiDoActionW                                   Setup.obs
710  msi.MsiGetActiveDatabase                           iswi.obl(RedirectedMsiFuncsConv.obs)
711  msi.MsiGetMode                                     iswi.obl(RedirectedMsiFuncsConv.obs)
712  msi.MsiGetProductInfoW                             Setup.obs
713  msi.MsiGetPropertyW                                Setup.obs
714  msi.MsiGetSourcePathW                              Setup.obs
715  msi.MsiGetTargetPathW                              Setup.obs
716  msi.MsiProcessMessage                              iswi.obl(RedirectedMsiFuncsConv.obs)
717  msi.MsiQueryFeatureStateW                          Setup.obs
718  msi.MsiRecordGetInteger                            iswi.obl(RedirectedMsiFuncsConv.obs)
719  msi.MsiRecordGetStringW                            Setup.obs
720  msi.MsiRecordSetStringW                            Setup.obs
721  msi.MsiSetPropertyW                                Setup.obs
722  msi.MsiSetTargetPathW                              Setup.obs
723  msi.MsiViewExecute                                 iswi.obl(RedirectedMsiFuncsConv.obs)
724  msi.MsiViewFetch                                   iswi.obl(RedirectedMsiFuncsConv.obs)
725  program                                            iswi.obl(DriverConv.obs)
726  sfc.SRSetRestorePointW                             Setup.obs


***** External Variables *****
1    ADDREMOVE                                          iswi.obl(SysVarsConv.obs)
2    ADDREMOVE_COMBINEDBUTTON                           Setup.obs
3    ADDREMOVE_HIDECHANGEOPTION                         Setup.obs
4    ADDREMOVE_HIDEREMOVEOPTION                         Setup.obs
5    ADDREMOVE_HIDEREPAIROPTION                         Setup.obs
6    ADDREMOVE_STRING_REMOVEONLY                        Setup.obs
7    ADDREMOVE_SYSTEMCOMPONENT                          Setup.obs
8    ADMINUSER                                          Setup.obs
9    ALLUSERS                                           Setup.obs
10   AdminToolsFolder                                   iswi.obl(DebugSymbolsConv.obs)
11   AppDataFolder                                      iswi.obl(DebugSymbolsConv.obs)
12   BASICMSI                                           iswi.obl(SysVarsConv.obs)
13   BATCH_INSTALL                                      Setup.obs
14   CMDLINE                                            iswi.obl(SysVarsConv.obs)
15   COMMONFILES                                        iswi.obl(SysVarsConv.obs)
16   COMMONFILES64                                      iswi.obl(SysVarsConv.obs)
17   CommonAppDataFolder                                iswi.obl(DebugSymbolsConv.obs)
18   CommonFiles64Folder                                iswi.obl(DebugSymbolsConv.obs)
19   CommonFilesFolder                                  iswi.obl(DebugSymbolsConv.obs)
20   DISABLE_ALLUSERBTN                                 Setup.obs
21   DISABLE_PERUSERBTN                                 Setup.obs
22   DISK1SETUPEXENAME                                  iswi.obl(SysVarsConv.obs)
23   DISK1TARGET                                        Setup.obs
24   DesktopFolder                                      iswi.obl(DebugSymbolsConv.obs)
25   ENABLED_ISERVICES                                  iswi.obl(SysVarsConv.obs)
26   ENGINECOMMONDIR                                    iswi.obl(SysVarsConv.obs)
27   ENGINEDIR                                          iswi.obl(SysVarsConv.obs)
28   ERRORFILENAME                                      Setup.obs
29   ERRORINFO                                          iswi.obl(ComponentConv.obs)
30   Err                                                Setup.obs
31   FEATURE                                            iswi.obl(ComponentConv.obs)
32   FILEERROR                                          iswi.obl(ComponentConv.obs)
33   FILETIME                                           Setup.obs
34   FIND_DATAW                                         Setup.obs
35   FOLDER_APPDATA                                     iswi.obl(SysVarsConv.obs)
36   FOLDER_COMMON_APPDATA                              iswi.obl(SysVarsConv.obs)
37   FOLDER_DESKTOP                                     iswi.obl(SysVarsConv.obs)
38   FOLDER_DOTNET_10                                   iswi.obl(SysVarsConv.obs)
39   FOLDER_DOTNET_11                                   iswi.obl(SysVarsConv.obs)
40   FOLDER_DOTNET_20                                   iswi.obl(SysVarsConv.obs)
41   FOLDER_DOTNET_30                                   iswi.obl(SysVarsConv.obs)
42   FOLDER_DOTNET_35                                   iswi.obl(SysVarsConv.obs)
43   FOLDER_DOTNET_40                                   iswi.obl(SysVarsConv.obs)
44   FOLDER_FONTS                                       iswi.obl(SysVarsConv.obs)
45   FOLDER_LOCAL_APPDATA                               iswi.obl(SysVarsConv.obs)
46   FOLDER_PERSONAL                                    iswi.obl(SysVarsConv.obs)
47   FOLDER_PROGRAMS                                    iswi.obl(SysVarsConv.obs)
48   FOLDER_STARTMENU                                   iswi.obl(SysVarsConv.obs)
49   FOLDER_STARTUP                                     iswi.obl(SysVarsConv.obs)
50   FOLDER_TEMP                                        iswi.obl(SysVarsConv.obs)
51   FavoritesFolder                                    iswi.obl(DebugSymbolsConv.obs)
52   FileRegistrar                                      Setup.obs
53   FontsFolder                                        iswi.obl(DebugSymbolsConv.obs)
54   HIDE_DISABLED_BTNS                                 Setup.obs
55   HKEYCURRENTROOTKEY                                 Setup.obs
56   IFX_COMPANY_NAME                                   Setup.obs
57   IFX_INSTALLED_DISPLAY_VERSION                      Setup.obs
58   IFX_INSTALLED_VERSION                              Setup.obs
59   IFX_KEYPATH_PRODUCT_INFO                           Setup.obs
60   IFX_MULTI_INSTANCE_SUFFIX                          Setup.obs
61   IFX_NETAPI_GROUP                                   Setup.obs
62   IFX_NETAPI_PASSWORD                                Setup.obs
63   IFX_NETAPI_USER_ACCOUNT                            Setup.obs
64   IFX_OPEN_RESTORE_POINT                             isrt.obl(PCRestore.obs)
65   IFX_PRODUCT_COMMENTS                               Setup.obs
66   IFX_PRODUCT_DISPLAY_NAME                           Setup.obs
67   IFX_PRODUCT_DISPLAY_VERSION                        Setup.obs
68   IFX_PRODUCT_ICON                                   Setup.obs
69   IFX_PRODUCT_KEY                                    Setup.obs
70   IFX_PRODUCT_NAME                                   Setup.obs
71   IFX_PRODUCT_README                                 Setup.obs
72   IFX_PRODUCT_REGISTEREDCOMPANY                      Setup.obs
73   IFX_PRODUCT_REGISTEREDOWNER                        Setup.obs
74   IFX_PRODUCT_REGISTEREDSERIALNUM                    Setup.obs
75   IFX_PRODUCT_SUPPORT_CONTACT                        Setup.obs
76   IFX_PRODUCT_SUPPORT_PHONE                          Setup.obs
77   IFX_PRODUCT_SUPPORT_URL                            Setup.obs
78   IFX_PRODUCT_UPDATE_URL                             Setup.obs
79   IFX_PRODUCT_URL                                    Setup.obs
80   IFX_PRODUCT_VERSION                                Setup.obs
81   IFX_RESTORE_DISABLED                               isrt.obl(PCRestore.obs)
82   IFX_SETUP_TITLE                                    Setup.obs
83   IFX_SUPPORTED_VERSIONS                             Setup.obs
84   IISROOTFOLDER                                      iswi.obl(SysVarsConv.obs)
85   INSTALLDIR                                         Setup.obs
86   INSTALLSCRIPTMSI                                   iswi.obl(SysVarsConv.obs)
87   INSTALLSCRIPTMSIEEUI                               iswi.obl(SysVarsConv.obs)
88   INSTANCE_GUID                                      iswi.obl(SysVarsConv.obs)
89   ISDIFXAPPID                                        Setup.obs
90   ISMSI_HANDLE                                       iswi.obl(DebugSymbolsConv.obs)
91   ISRES                                              iswi.obl(SysVarsConv.obs)
92   ISUSER                                             iswi.obl(SysVarsConv.obs)
93   ISUTIL_FUNCTION_ACTUAL_ERROR                       Setup.obs
94   ISUTIL_FUNCTION_ERROR                              iswi.obl(CompHelperFuncs.obs)
95   ISUTIL_LINE_NUMBER                                 Setup.obs
96   ISUTIL_POSITIVE_ERROR                              iswi.obl(CompHelperFuncs.obs)
97   ISUTIL_SCRIPT_FILE                                 Setup.obs
98   ISVERSION                                          iswi.obl(SysVarsConv.obs)
99   IS_NULLSTR_PTR                                     Setup.obs
100  LAAW_PARAMETERS                                    Setup.obs
101  LAAW_PROCESS_INFORMATION                           Setup.obs
102  LAAW_SHELLEXECUTEINFO                              Setup.obs
103  LAAW_SHELLEXECUTEVERB                              Setup.obs
104  LAAW_STARTUPINFO                                   Setup.obs
105  LAST_RESULT                                        Setup.obs
106  LVITEMW                                            Setup.obs
107  LV_COLUMNW                                         Setup.obs
108  LocalAppDataFolder                                 iswi.obl(DebugSymbolsConv.obs)
109  LogDB                                              Setup.obs
110  MAINTENANCE                                        iswi.obl(SysVarsConv.obs)
111  MAINT_OPTION                                       iswi.obl(SysVarsConv.obs)
112  MEDIA                                              Setup.obs
113  MEDIA_INFO                                         iswi.obl(FeatureConv.obs)
114  MODE                                               Setup.obs
115  MSG                                                Setup.obs
116  MULTI_INSTANCE_COUNT                               iswi.obl(SysVarsConv.obs)
117  MainWindow                                         Setup.obs
118  MyPicturesFolder                                   iswi.obl(DebugSymbolsConv.obs)
119  NOTHING                                            Setup.obs
120  NetHoodFolder                                      iswi.obl(DebugSymbolsConv.obs)
121  OSINFO_PLATFORM_INFO                               Setup.obs
122  OSINFO_PROCESSOR_INFO                              Setup.obs
123  OSVERSIONINFOEXW                                   Setup.obs
124  OSVERSIONINFOW                                     Setup.obs
125  Objects                                            Setup.obs
126  OriginalDatabase                                   iswi.obl(DebugSymbolsConv.obs)
127  PACKAGE_LOCATION                                   iswi.obl(SysVarsConv.obs)
128  PATCH                                              iswi.obl(DebugSymbolsConv.obs)
129  POINT                                              Setup.obs
130  PRIVILEGED                                         Setup.obs
131  PROCESS_INFORMATION                                Setup.obs
132  PRODUCT_GUID                                       iswi.obl(SysVarsConv.obs)
133  PROGRAMFILES                                       iswi.obl(SysVarsConv.obs)
134  PROGRAMFILES64                                     iswi.obl(SysVarsConv.obs)
135  PersonalFolder                                     iswi.obl(DebugSymbolsConv.obs)
136  PrintHoodFolder                                    iswi.obl(DebugSymbolsConv.obs)
137  ProgramFiles64Folder                               iswi.obl(DebugSymbolsConv.obs)
138  ProgramFilesFolder                                 iswi.obl(DebugSymbolsConv.obs)
139  ProgramMenuFolder                                  iswi.obl(DebugSymbolsConv.obs)
140  RECT                                               Setup.obs
141  REGDB_OPTIONS                                      Setup.obs
142  REINSTALLMODE                                      iswi.obl(SysVarsConv.obs)
143  REMOVEALLMODE                                      iswi.obl(SysVarsConv.obs)
144  REMOVEONLY                                         iswi.obl(SysVarsConv.obs)
145  RUN_ONCE_PROGRAM                                   iswi.obl(SysVarsConv.obs)
146  Reboot                                             Setup.obs
147  RecentFolder                                       iswi.obl(DebugSymbolsConv.obs)
148  SELECTED_LANGUAGE                                  iswi.obl(SysVarsConv.obs)
149  SERVICE_IS_PARAMS                                  Setup.obs
150  SERVICE_IS_STATUS                                  Setup.obs
151  SETUPTYPE_STR_COMPACT                              Setup.obs
152  SETUPTYPE_STR_COMPLETE                             Setup.obs
153  SETUPTYPE_STR_CUSTOM                               Setup.obs
154  SETUPTYPE_STR_TYPICAL                              Setup.obs
155  SHAREDSUPPORTDIR                                   iswi.obl(SysVarsConv.obs)
156  SHELLEXECUTEINFOW                                  Setup.obs
157  SHELL_OBJECT_FOLDER                                Setup.obs
158  SHOW_PASSWORD_DIALOG                               iswi.obl(SysVarsConv.obs)
159  SRCDIR                                             Setup.obs
160  SRCDISK                                            iswi.obl(SysVarsConv.obs)
161  STANDARD_SELECTED_LANGUAGE                         iswi.obl(SysVarsConv.obs)
162  STARTUPINFOW                                       Setup.obs
163  SUITE_HOSTED                                       iswi.obl(SysVarsConv.obs)
164  SUPPORTDIR                                         iswi.obl(SysVarsConv.obs)
165  SYSINFO                                            Setup.obs
166  SYSPROCESSORINFO                                   Setup.obs
167  SYSTEMTIME                                         Setup.obs
168  SendToFolder                                       iswi.obl(DebugSymbolsConv.obs)
169  SetupInfo                                          Setup.obs
170  SourceDir                                          iswi.obl(DebugSymbolsConv.obs)
171  StartMenuFolder                                    iswi.obl(DebugSymbolsConv.obs)
172  StartupFolder                                      iswi.obl(DebugSymbolsConv.obs)
173  StatusDlg                                          Setup.obs
174  SuiteHost                                          Setup.obs
175  System16Folder                                     iswi.obl(DebugSymbolsConv.obs)
176  System64Folder                                     iswi.obl(DebugSymbolsConv.obs)
177  SystemFolder                                       iswi.obl(DebugSymbolsConv.obs)
178  TARGETDIR                                          Setup.obs
179  TARGETDISK                                         iswi.obl(SysVarsConv.obs)
180  TempFolder                                         iswi.obl(DebugSymbolsConv.obs)
181  TemplateFolder                                     iswi.obl(DebugSymbolsConv.obs)
182  TextSub                                            Setup.obs
183  UNINST                                             Setup.obs
184  UNINSTALLKEY                                       Setup.obs
185  UNINSTALL_DISPLAYNAME                              Setup.obs
186  UNINSTALL_STRING                                   Setup.obs
187  UPDATEMODE                                         Setup.obs
188  WINDIR                                             iswi.obl(SysVarsConv.obs)
189  WINDISK                                            iswi.obl(SysVarsConv.obs)
190  WINSYSDIR                                          iswi.obl(SysVarsConv.obs)
191  WINSYSDIR64                                        iswi.obl(SysVarsConv.obs)
192  WINSYSDISK                                         iswi.obl(SysVarsConv.obs)
193  WindowsFolder                                      iswi.obl(DebugSymbolsConv.obs)
194  WindowsVolume                                      iswi.obl(DebugSymbolsConv.obs)
195  _INT64                                             Setup.obs
196  _LAAW_PARAMETERS                                   Setup.obs
197  _LAAW_TEMP_DATA                                    isrt.obl(Extend.obs)
198  _RESTOREPOINTINFO                                  Setup.obs
199  _SERVICE_IS_PARAMS                                 Setup.obs
200  _SERVICE_IS_STATUS                                 Setup.obs
201  _STATEMGRSTATUS                                    Setup.obs
202  _WIN9X                                             Setup.obs
203  _WINNT                                             Setup.obs
204  __gbAliasingOff                                    iswi.obl(CompHelperFuncs.obs)
205  __gbCheckForUpdate                                 iswi.obl(CompHelperFuncs.obs)
206  __gbGetTarget                                      iswi.obl(CompHelperFuncs.obs)
207  __gbInitialized                                    iswi.obl(CompHelperFuncs.obs)
208  __gbInstallInfo                                    Setup.obs
209  __gbMaintenance                                    iswi.obl(CompHelperFuncs.obs)
210  __gbReopening                                      iswi.obl(CompHelperFuncs.obs)
211  __ghActiveDataBase                                 iswi.obl(CompHelperFuncs.obs)
212  __ghErrFileHandle                                  iswi.obl(CompHelperFuncs.obs)
213  __ghMsiInstall                                     iswi.obl(CompHelperFuncs.obs)
214  __gnButtonSelected                                 iswi.obl(CompHelperFuncs.obs)
215  __gnLastError                                      iswi.obl(CompHelperFuncs.obs)
216  __gnMsiReturn                                      iswi.obl(CompHelperFuncs.obs)
217  __gnOSMask                                         iswi.obl(CompHelperFuncs.obs)
218  __gnScriptMode                                     iswi.obl(CompHelperFuncs.obs)
219  __goISDriver                                       iswi.obl(CompHelperFuncs.obs)
220  __goMsiServer                                      iswi.obl(CompHelperFuncs.obs)
221  __gsINSTALLDIR                                     iswi.obl(CompHelperFuncs.obs)
222  __gsProductGuid                                    iswi.obl(CompHelperFuncs.obs)
223  __gsSourceDir                                      iswi.obl(CompHelperFuncs.obs)
224  __hContext                                         Setup.obs
225  __objGlobalTextSub                                 Setup.obs
226  __objStringTable                                   iswi.obl(ISWiInit.obs)
227  __szGUID                                           Setup.obs
228  bBackButton                                        Setup.obs
229  bCancelButton                                      Setup.obs
230  bEnterDiskBeep                                     Setup.obs
231  bFinishButton                                      Setup.obs
232  bInstall16                                         Setup.obs
233  bNextButton                                        Setup.obs
234  bSdInit                                            Setup.obs
235  bViewCmptKunits                                    Setup.obs
236  bViewCmptUseDecimal                                Setup.obs
237  g_bSuppressMissingStringWarning                    iswi.obl(DriverConv.obs)
238  g_nDlgAskPath                                      Setup.obs
239  nDlgMessageBox                                     Setup.obs
240  nDlgSelectDir                                      Setup.obs
241  nDlgSprintfBox                                     Setup.obs
242  nSdAskDestPath2                                    Setup.obs
243  nSdComponentTree                                   Setup.obs
244  nSdDiskSpaceRequirements                           Setup.obs
245  nSdFinish                                          Setup.obs
246  nSdFinishReboot                                    Setup.obs
247  nSdLicense                                         Setup.obs
248  nSdLicenseRtf                                      Setup.obs
249  nSdOutOfDiskSpace                                  Setup.obs
250  nSdPatchWelcome                                    Setup.obs
251  nSdShowDlgEdit2                                    Setup.obs
252  nSdShowInfoList                                    Setup.obs
253  nSdStartCopy                                       Setup.obs
254  nSdWelcome                                         Setup.obs
255  szAppKey                                           Setup.obs
256  szSdProduct                                        Setup.obs
257  szSdStr_NotEnoughSpace                             Setup.obs
